Reordering bank and making consensus sequences
Aligning consensus sequences
sh -c 'mafft --thread 4 --threadtb 4 --threadit 4 --nuc --reorder --quiet '\''./sample_053.bnk'\'' > '\''./sample_053.bnk'\''.al'
sh -c 'mafft --thread 4 --threadtb 4 --threadit 4 --nuc --reorder --quiet '\''./sample_049.bnk'\'' > '\''./sample_049.bnk'\''.al'
sh -c 'mafft --thread 4 --threadtb 4 --threadit 4 --nuc --reorder --quiet '\''./sample_059.bnk'\'' > '\''./sample_059.bnk'\''.al'
sh -c 'mafft --thread 4 --threadtb 4 --threadit 4 --nuc --reorder --quiet '\''./sample_022.bnk'\'' > '\''./sample_022.bnk'\''.al'
sh -c 'mafft --thread 4 --threadtb 4 --threadit 4 --nuc --reorder --quiet '\''./sample_040.bnk'\'' > '\''./sample_040.bnk'\''.al'
sh -c 'mafft --thread 4 --threadtb 4 --threadit 4 --nuc --reorder --quiet '\''./sample_054.bnk'\'' > '\''./sample_054.bnk'\''.al'
sh -c 'mafft --thread 4 --threadtb 4 --threadit 4 --nuc --reorder --quiet '\''./sample_035.bnk'\'' > '\''./sample_035.bnk'\''.al'
sh -c 'mafft --thread 4 --threadtb 4 --threadit 4 --nuc --reorder --quiet '\''./sample_015.bnk'\'' > '\''./sample_015.bnk'\''.al'
sh -c 'mafft --thread 4 --threadtb 4 --threadit 4 --nuc --reorder --quiet '\''./sample_007.bnk'\'' > '\''./sample_007.bnk'\''.al'
sh -c 'mafft --thread 4 --threadtb 4 --threadit 4 --nuc --reorder --quiet '\''./sample_058.bnk'\'' > '\''./sample_058.bnk'\''.al'
sh -c 'mafft --thread 4 --threadtb 4 --threadit 4 --nuc --reorder --quiet '\''./sample_017.bnk'\'' > '\''./sample_017.bnk'\''.al'
sh -c 'mafft --thread 4 --threadtb 4 --threadit 4 --nuc --reorder --quiet '\''./sample_043.bnk'\'' > '\''./sample_043.bnk'\''.al'
sh -c 'mafft --thread 4 --threadtb 4 --threadit 4 --nuc --reorder --quiet '\''./sample_003.bnk'\'' > '\''./sample_003.bnk'\''.al'
sh -c 'mafft --thread 4 --threadtb 4 --threadit 4 --nuc --reorder --quiet '\''./sample_023.bnk'\'' > '\''./sample_023.bnk'\''.al'
sh -c 'mafft --thread 4 --threadtb 4 --threadit 4 --nuc --reorder --quiet '\''./sample_028.bnk'\'' > '\''./sample_028.bnk'\''.al'
sh -c 'mafft --thread 4 --threadtb 4 --threadit 4 --nuc --reorder --quiet '\''./sample_052.bnk'\'' > '\''./sample_052.bnk'\''.al'
sh -c 'mafft --thread 4 --threadtb 4 --threadit 4 --nuc --reorder --quiet '\''./sample_039.bnk'\'' > '\''./sample_039.bnk'\''.al'
sh -c 'mafft --thread 4 --threadtb 4 --threadit 4 --nuc --reorder --quiet '\''./sample_020.bnk'\'' > '\''./sample_020.bnk'\''.al'
sh -c 'mafft --thread 4 --threadtb 4 --threadit 4 --nuc --reorder --quiet '\''./sample_014.bnk'\'' > '\''./sample_014.bnk'\''.al'
sh -c 'mafft --thread 4 --threadtb 4 --threadit 4 --nuc --reorder --quiet '\''./sample_041.bnk'\'' > '\''./sample_041.bnk'\''.al'
sh -c 'mafft --thread 4 --threadtb 4 --threadit 4 --nuc --reorder --quiet '\''./sample_038.bnk'\'' > '\''./sample_038.bnk'\''.al'
sh -c 'mafft --thread 4 --threadtb 4 --threadit 4 --nuc --reorder --quiet '\''./sample_021.bnk'\'' > '\''./sample_021.bnk'\''.al'
sh -c 'mafft --thread 4 --threadtb 4 --threadit 4 --nuc --reorder --quiet '\''./sample_024.bnk'\'' > '\''./sample_024.bnk'\''.al'
sh -c 'mafft --thread 4 --threadtb 4 --threadit 4 --nuc --reorder --quiet '\''./sample_001.bnk'\'' > '\''./sample_001.bnk'\''.al'
sh -c 'mafft --thread 4 --threadtb 4 --threadit 4 --nuc --reorder --quiet '\''./sample_029.bnk'\'' > '\''./sample_029.bnk'\''.al'
sh -c 'mafft --thread 4 --threadtb 4 --threadit 4 --nuc --reorder --quiet '\''./sample_005.bnk'\'' > '\''./sample_005.bnk'\''.al'
sh -c 'mafft --thread 4 --threadtb 4 --threadit 4 --nuc --reorder --quiet '\''./sample_019.bnk'\'' > '\''./sample_019.bnk'\''.al'
sh -c 'mafft --thread 4 --threadtb 4 --threadit 4 --nuc --reorder --quiet '\''./sample_048.bnk'\'' > '\''./sample_048.bnk'\''.al'
sh -c 'mafft --thread 4 --threadtb 4 --threadit 4 --nuc --reorder --quiet '\''./sample_042.bnk'\'' > '\''./sample_042.bnk'\''.al'
sh -c 'mafft --thread 4 --threadtb 4 --threadit 4 --nuc --reorder --quiet '\''./sample_060.bnk'\'' > '\''./sample_060.bnk'\''.al'
sh -c 'mafft --thread 4 --threadtb 4 --threadit 4 --nuc --reorder --quiet '\''./sample_050.bnk'\'' > '\''./sample_050.bnk'\''.al'
sh -c 'mafft --thread 4 --threadtb 4 --threadit 4 --nuc --reorder --quiet '\''./sample_013.bnk'\'' > '\''./sample_013.bnk'\''.al'
sh -c 'mafft --thread 4 --threadtb 4 --threadit 4 --nuc --reorder --quiet '\''./sample_057.bnk'\'' > '\''./sample_057.bnk'\''.al'
sh -c 'mafft --thread 4 --threadtb 4 --threadit 4 --nuc --reorder --quiet '\''./sample_051.bnk'\'' > '\''./sample_051.bnk'\''.al'
sh -c 'mafft --thread 4 --threadtb 4 --threadit 4 --nuc --reorder --quiet '\''./sample_025.bnk'\'' > '\''./sample_025.bnk'\''.al'
sh -c 'mafft --thread 4 --threadtb 4 --threadit 4 --nuc --reorder --quiet '\''./sample_044.bnk'\'' > '\''./sample_044.bnk'\''.al'
sh -c 'mafft --thread 4 --threadtb 4 --threadit 4 --nuc --reorder --quiet '\''./sample_036.bnk'\'' > '\''./sample_036.bnk'\''.al'
sh -c 'mafft --thread 4 --threadtb 4 --threadit 4 --nuc --reorder --quiet '\''./sample_006.bnk'\'' > '\''./sample_006.bnk'\''.al'
sh -c 'mafft --thread 4 --threadtb 4 --threadit 4 --nuc --reorder --quiet '\''./sample_012.bnk'\'' > '\''./sample_012.bnk'\''.al'
sh -c 'mafft --thread 4 --threadtb 4 --threadit 4 --nuc --reorder --quiet '\''./sample_004.bnk'\'' > '\''./sample_004.bnk'\''.al'
sh -c 'mafft --thread 4 --threadtb 4 --threadit 4 --nuc --reorder --quiet '\''./sample_037.bnk'\'' > '\''./sample_037.bnk'\''.al'
sh -c 'mafft --thread 4 --threadtb 4 --threadit 4 --nuc --reorder --quiet '\''./sample_033.bnk'\'' > '\''./sample_033.bnk'\''.al'
sh -c 'mafft --thread 4 --threadtb 4 --threadit 4 --nuc --reorder --quiet '\''./sample_047.bnk'\'' > '\''./sample_047.bnk'\''.al'
sh -c 'mafft --thread 4 --threadtb 4 --threadit 4 --nuc --reorder --quiet '\''./sample_002.bnk'\'' > '\''./sample_002.bnk'\''.al'
sh -c 'mafft --thread 4 --threadtb 4 --threadit 4 --nuc --reorder --quiet '\''./sample_011.bnk'\'' > '\''./sample_011.bnk'\''.al'
sh -c 'mafft --thread 4 --threadtb 4 --threadit 4 --nuc --reorder --quiet '\''./sample_009.bnk'\'' > '\''./sample_009.bnk'\''.al'
sh -c 'mafft --thread 4 --threadtb 4 --threadit 4 --nuc --reorder --quiet '\''./sample_026.bnk'\'' > '\''./sample_026.bnk'\''.al'
sh -c 'mafft --thread 4 --threadtb 4 --threadit 4 --nuc --reorder --quiet '\''./sample_031.bnk'\'' > '\''./sample_031.bnk'\''.al'
sh -c 'mafft --thread 4 --threadtb 4 --threadit 4 --nuc --reorder --quiet '\''./sample_032.bnk'\'' > '\''./sample_032.bnk'\''.al'
sh -c 'mafft --thread 4 --threadtb 4 --threadit 4 --nuc --reorder --quiet '\''./sample_056.bnk'\'' > '\''./sample_056.bnk'\''.al'
sh -c 'mafft --thread 4 --threadtb 4 --threadit 4 --nuc --reorder --quiet '\''./sample_018.bnk'\'' > '\''./sample_018.bnk'\''.al'
sh -c 'mafft --thread 4 --threadtb 4 --threadit 4 --nuc --reorder --quiet '\''./sample_034.bnk'\'' > '\''./sample_034.bnk'\''.al'
sh -c 'mafft --thread 4 --threadtb 4 --threadit 4 --nuc --reorder --quiet '\''./sample_046.bnk'\'' > '\''./sample_046.bnk'\''.al'
sh -c 'mafft --thread 4 --threadtb 4 --threadit 4 --nuc --reorder --quiet '\''./sample_008.bnk'\'' > '\''./sample_008.bnk'\''.al'
sh -c 'mafft --thread 4 --threadtb 4 --threadit 4 --nuc --reorder --quiet '\''./sample_030.bnk'\'' > '\''./sample_030.bnk'\''.al'
sh -c 'mafft --thread 4 --threadtb 4 --threadit 4 --nuc --reorder --quiet '\''./sample_045.bnk'\'' > '\''./sample_045.bnk'\''.al'
sh -c 'mafft --thread 4 --threadtb 4 --threadit 4 --nuc --reorder --quiet '\''./sample_016.bnk'\'' > '\''./sample_016.bnk'\''.al'
sh -c 'mafft --thread 4 --threadtb 4 --threadit 4 --nuc --reorder --quiet '\''./sample_027.bnk'\'' > '\''./sample_027.bnk'\''.al'
sh -c 'mafft --thread 4 --threadtb 4 --threadit 4 --nuc --reorder --quiet '\''./sample_055.bnk'\'' > '\''./sample_055.bnk'\''.al'
sh -c 'mafft --thread 4 --threadtb 4 --threadit 4 --nuc --reorder --quiet '\''./sample_010.bnk'\'' > '\''./sample_010.bnk'\''.al'
  done in 0h 0m 8s
Final alignment
  done in 0h 0m 0s
Job completed
  done in 0h 0m 8s
